C51 COMPILER V9.00   PRO05                                                                 02/05/2017 23:53:53 PAGE 1   


C51 COMPILER V9.00, COMPILATION OF MODULE PRO05
OBJECT MODULE PLACED IN pro05.OBJ
COMPILER INVOKED BY: D:\_RUANJIAN\keil\C51\BIN\C51.EXE pro05.c BROWSE DEBUG OBJECTEXTEND

line level    source

   1          //Á÷Ë®µÆ1
   2          
   3          #include <reg52.h>
   4          
   5          void delay(int i)
   6          {       int j;
   7   1              
   8   1              for(;i>0;i--)
   9   1                      for(j=500;j>0;j--);
  10   1      }
  11          
  12          void main()
  13          {       int k;
  14   1      
  15   1              while(1)
  16   1              {       P1=0xff;
  17   2                      for(k=0;k<=8;k++)
  18   2                      {       delay(30);
  19   3                              P1=P1>>1;
  20   3                      }
  21   2                      P1=0xff;
  22   2                      for(k=0;k<=8;k++)
  23   2                      {       delay(30);
  24   3                              P1=P1<<1;
  25   3                      }
  26   2              }
  27   1      }


MODULE INFORMATION:   STATIC OVERLAYABLE
   CODE SIZE        =     99    ----
   CONSTANT SIZE    =   ----    ----
   XDATA SIZE       =   ----    ----
   PDATA SIZE       =   ----    ----
   DATA SIZE        =   ----    ----
   IDATA SIZE       =   ----    ----
   BIT SIZE         =   ----    ----
END OF MODULE INFORMATION.


C51 COMPILATION COMPLETE.  0 WARNING(S),  0 ERROR(S)
